------------------------------------------------------------
TimeQuest Timing Analyzer Summary
------------------------------------------------------------

Type  : Slow 1100mV 85C Model Setup 'CLK'
Slack : -0.478
TNS   : -2.460

Type  : Slow 1100mV 85C Model Hold 'CLK'
Slack : 0.312
TNS   : 0.000

Type  : Slow 1100mV 85C Model Minimum Pulse Width 'CLK'
Slack : -0.724
TNS   : -6.639

Type  : Slow 1100mV 0C Model Setup 'CLK'
Slack : -0.528
TNS   : -2.918

Type  : Slow 1100mV 0C Model Hold 'CLK'
Slack : 0.292
TNS   : 0.000

Type  : Slow 1100mV 0C Model Minimum Pulse Width 'CLK'
Slack : -0.724
TNS   : -6.614

Type  : Fast 1100mV 85C Model Setup 'CLK'
Slack : 0.383
TNS   : 0.000

Type  : Fast 1100mV 85C Model Hold 'CLK'
Slack : 0.139
TNS   : 0.000

Type  : Fast 1100mV 85C Model Minimum Pulse Width 'CLK'
Slack : -0.092
TNS   : -0.544

Type  : Fast 1100mV 0C Model Setup 'CLK'
Slack : 0.412
TNS   : 0.000

Type  : Fast 1100mV 0C Model Hold 'CLK'
Slack : 0.126
TNS   : 0.000

Type  : Fast 1100mV 0C Model Minimum Pulse Width 'CLK'
Slack : -0.094
TNS   : -0.556

------------------------------------------------------------
